// Jest Snapshot v1, https://goo.gl/fbAQLP

exports[`Search Test Suite should render correclty with no props 1`] = `
<div
  className="a-section a-spacing-base askBtfSearchFormLabel askAutocomplete"
>
  <div
    className="a-search a-span12"
  >
    <i
      className="fa fa-search a-icon a-icon-search"
    />
    <input
      autoComplete="off"
      className="a-input-text a-span12 askBtfSearchTextInput askBtfSearchPostTextInput askAutocompleteTextInput"
      maxLength="150"
      name="askQuestionText"
      onChange={[Function]}
      placeholder="Have a question? Search for answers"
      type="search"
      value=""
    />
  </div>
</div>
`;
